>>> say_my_name = __import__('3-say_my_name').say_my_name

>>> say_my_name("Bob", 12)
Traceback (most recent call last):
TypeError: last_name must be a string

>>> say_my_name(12, "bob")
Traceback (most recent call last):
TypeError: first_name must be a string

>>> say_my_name(12)
Traceback (most recent call last):
TypeError: first_name must be a string

>>> say_my_name(12, 13)
Traceback (most recent call last):
TypeError: first_name must be a string

>>> say_my_name("Hana")
My name is Hana 

>>> say_my_name("Walter", "White")
My name is Walter White

>>> say_my_name()
Traceback (most recent call last):
TypeError: say_my_name() missing 1 required positional argument: 'first_name'

>>> say_my_name("Hana", "Lemi", "Kena")
Traceback (most recent call last):
TypeError: say_my_name() takes from 1 to 2 positional arguments but 3 were given
